my_function ok
my_function error: ZeroDivisionError. Inputs: (1, 0), {}
my_function ok
my_function ok
my_function error: ZeroDivisionError. Inputs: (1, 0), {}
